******************************************************************************
                  TI ARM Linker PC v20.2.7                     
******************************************************************************
>> Linked Fri Oct 13 17:22:59 2023

OUTPUT FILE NAME:   <Lab_4_Mechatronics.out>
ENTRY POINT SYMBOL: "_c_int00_noargs"  address: 00002c55


MEMORY CONFIGURATION

         name            origin    length      used     unused   attr    fill
----------------------  --------  ---------  --------  --------  ----  --------
  FLASH                 00000000   00040000  00002ebd  0003d143  R  X
  SRAM                  20000000   00008000  00001004  00006ffc  RW X


SEGMENT ALLOCATION MAP

run origin  load origin   length   init length attrs members
----------  ----------- ---------- ----------- ----- -------
00000000    00000000    00002ec0   00002ec0    r-x
  00000000    00000000    0000026c   0000026c    r-- .intvecs
  0000026c    0000026c    00002b38   00002b38    r-x .text
  00002da4    00002da4    00000101   00000101    r-- .const
  00002ea8    00002ea8    00000018   00000018    r-- .cinit
20000000    20000000    00001004   00000000    rw-
  20000000    20000000    00001000   00000000    rw- .stack
  20001000    20001000    00000004   00000000    rw- .data


SECTION ALLOCATION MAP

 output                                  attributes/
section   page    origin      length       input sections
--------  ----  ----------  ----------   ----------------
.intvecs   0    00000000    0000026c     
                  00000000    0000026c     tm4c123gh6pm_startup_ccs.obj (.intvecs)

.text      0    0000026c    00002b38     
                  0000026c    00000a4e     rtsv7M4_T_le_v4SPD16_eabi.lib : _printfi.c.obj (.text:__TI_printfi)
                  00000cba    00000002                                   : div0.asm.obj (.text)
                  00000cbc    00000808     gpio.obj (.text)
                  000014c4    000003d4     main.obj (.text)
                  00001898    00000270     rtsv7M4_T_le_v4SPD16_eabi.lib : _printfi.c.obj (.text:_pconv_a)
                  00001b08    000001d0                                   : _printfi.c.obj (.text:_pconv_g)
                  00001cd8    000001b6                                   : fd_add_t2.asm.obj (.text)
                  00001e8e    00000002     --HOLE-- [fill = 0]
                  00001e90    0000013c                                   : _printfi.c.obj (.text:_pconv_e)
                  00001fcc    00000136                                   : fd_div_t2.asm.obj (.text)
                  00002102    00000002     --HOLE-- [fill = 0]
                  00002104    00000128     uart0.obj (.text)
                  0000222c    00000124     rtsv7M4_T_le_v4SPD16_eabi.lib : _printfi.c.obj (.text:fcvt)
                  00002350    00000110                                   : s_scalbn.c.obj (.text:scalbn)
                  00002460    000000fc                                   : fd_mul_t2.asm.obj (.text)
                  0000255c    000000b1                                   : _printfi.c.obj (.text:_ltostr)
                  0000260d    00000001     --HOLE-- [fill = 0]
                  0000260e    0000009c                                   : memcpy_t2.asm.obj (.text)
                  000026aa    00000096                                   : ull_div_t2.asm.obj (.text)
                  00002740    00000086                                   : fd_cmp_t2.asm.obj (.text:__aeabi_cdcmple)
                  000027c6    00000086                                   : fd_cmp_t2.asm.obj (.text:__aeabi_cdrcmple)
                  0000284c    0000007a                                   : memset_t2.asm.obj (.text)
                  000028c6    0000006e                                   : _printfi.c.obj (.text:_mcpy)
                  00002934    00000068                                   : copy_decompress_lzss.c.obj (.text:decompress:lzss:__TI_decompress_lzss)
                  0000299c    00000064                                   : s_frexp.c.obj (.text:frexp)
                  00002a00    00000056                                   : _printfi.c.obj (.text:_pconv_f)
                  00002a56    00000054                                   : _ltoa.c.obj (.text:__TI_ltoa)
                  00002aaa    00000052                                   : _printfi.c.obj (.text:_ecpy)
                  00002afc    0000004c                                   : atoi.c.obj (.text:atoi)
                  00002b48    00000048                                   : fd_toi_t2.asm.obj (.text)
                  00002b90    00000044                                   : autoinit.c.obj (.text:__TI_auto_init_nobinit_nopinit:__TI_auto_init_nobinit_nopinit)
                  00002bd4    00000040                                   : sprintf.c.obj (.text:sprintf)
                  00002c14    0000003e                                   : _printfi.c.obj (.text:_fcpy)
                  00002c52    00000002     --HOLE-- [fill = 0]
                  00002c54    00000034                                   : boot_cortex_m.c.obj (.text:_c_int00_noargs:_c_int00_noargs)
                  00002c88    0000002e                                   : i_tofd_t2.asm.obj (.text)
                  00002cb6    00000020     wait.obj (.text)
                  00002cd6    0000001c     rtsv7M4_T_le_v4SPD16_eabi.lib : memccpy.c.obj (.text:memccpy)
                  00002cf2    0000001a                                   : s_copysign.c.obj (.text:copysign)
                  00002d0c    00000018                                   : sprintf.c.obj (.text:_outs)
                  00002d24    00000016                                   : strchr.c.obj (.text:strchr)
                  00002d3a    00000014                                   : strlen.c.obj (.text:strlen)
                  00002d4e    00000012                                   : wcslen.c.obj (.text:wcslen)
                  00002d60    00000010     clock.obj (.text)
                  00002d70    0000000e     rtsv7M4_T_le_v4SPD16_eabi.lib : copy_decompress_none.c.obj (.text:decompress:none:__TI_decompress_none)
                  00002d7e    0000000c     tm4c123gh6pm_startup_ccs.obj (.text)
                  00002d8a    0000000a     rtsv7M4_T_le_v4SPD16_eabi.lib : sprintf.c.obj (.text:_outc)
                  00002d94    00000008                                   : errno.c.obj (.text:__aeabi_errno_addr)
                  00002d9c    00000004                                   : pre_init.c.obj (.text:_system_pre_init)
                  00002da0    00000004                                   : exit.c.obj (.text:abort:abort)

.const     0    00002da4    00000101     
                  00002da4    00000101     rtsv7M4_T_le_v4SPD16_eabi.lib : ctype.c.obj (.const:.string:_ctypes_)

.cinit     0    00002ea8    00000018     
                  00002ea8    00000008     (__TI_handler_table)
                  00002eb0    00000007     (.cinit..data.load) [load image, compression = lzss]
                  00002eb7    00000001     --HOLE-- [fill = 0]
                  00002eb8    00000008     (__TI_cinit_table)

.init_array 
*          0    00000000    00000000     UNINITIALIZED

.data      0    20001000    00000004     UNINITIALIZED
                  20001000    00000004     rtsv7M4_T_le_v4SPD16_eabi.lib : errno.c.obj (.data)

.stack     0    20000000    00001000     UNINITIALIZED
                  20000000    00000004     rtsv7M4_T_le_v4SPD16_eabi.lib : boot_cortex_m.c.obj (.stack)
                  20000004    00000ffc     --HOLE--

__llvm_prf_cnts 
*          0    20000000    00000000     UNINITIALIZED

MODULE SUMMARY

       Module                         code    ro data   rw data
       ------                         ----    -------   -------
    .\
       gpio.obj                       2056    0         0      
       main.obj                       980     0         0      
       tm4c123gh6pm_startup_ccs.obj   12      620       0      
       uart0.obj                      296     0         0      
       wait.obj                       32      0         0      
       clock.obj                      16      0         0      
    +--+------------------------------+-------+---------+---------+
       Total:                         3392    620       0      
                                                               
    C:\ti\ccs1220\ccs\tools\compiler\ti-cgt-arm_20.2.7.LTS\lib\rtsv7M4_T_le_v4SPD16_eabi.lib
       _printfi.c.obj                 4851    0         0      
       fd_add_t2.asm.obj              438     0         0      
       fd_div_t2.asm.obj              310     0         0      
       s_scalbn.c.obj                 272     0         0      
       fd_cmp_t2.asm.obj              268     0         0      
       ctype.c.obj                    0       257       0      
       fd_mul_t2.asm.obj              252     0         0      
       memcpy_t2.asm.obj              156     0         0      
       ull_div_t2.asm.obj             150     0         0      
       memset_t2.asm.obj              122     0         0      
       copy_decompress_lzss.c.obj     104     0         0      
       s_frexp.c.obj                  100     0         0      
       sprintf.c.obj                  98      0         0      
       _ltoa.c.obj                    84      0         0      
       atoi.c.obj                     76      0         0      
       fd_toi_t2.asm.obj              72      0         0      
       autoinit.c.obj                 68      0         0      
       boot_cortex_m.c.obj            52      0         0      
       i_tofd_t2.asm.obj              46      0         0      
       memccpy.c.obj                  28      0         0      
       s_copysign.c.obj               26      0         0      
       strchr.c.obj                   22      0         0      
       strlen.c.obj                   20      0         0      
       wcslen.c.obj                   18      0         0      
       copy_decompress_none.c.obj     14      0         0      
       errno.c.obj                    8       0         4      
       exit.c.obj                     4       0         0      
       pre_init.c.obj                 4       0         0      
       div0.asm.obj                   2       0         0      
    +--+------------------------------+-------+---------+---------+
       Total:                         7665    257       4      
                                                               
       Stack:                         0       0         4096   
       Linker Generated:              0       23        0      
    +--+------------------------------+-------+---------+---------+
       Grand Total:                   11057   900       4100   


LINKER GENERATED COPY TABLES

__TI_cinit_table @ 00002eb8 records: 1, size/record: 8, table size: 8
	.data: load addr=00002eb0, load size=00000007 bytes, run addr=20001000, run size=00000004 bytes, compression=lzss


LINKER GENERATED HANDLER TABLE

__TI_handler_table @ 00002ea8 records: 2, size/record: 4, table size: 8
	index: 0, handler: __TI_decompress_lzss
	index: 1, handler: __TI_decompress_none


GLOBAL SYMBOLS: SORTED ALPHABETICALLY BY Name 

address   name                          
-------   ----                          
00002da1  C$$EXIT                       
00002d7f  ResetISR                      
20001000  __STACK_END                   
00001000  __STACK_SIZE                  
20000200  __STACK_TOP                   
00002eb8  __TI_CINIT_Base               
00002ec0  __TI_CINIT_Limit              
00002ea8  __TI_Handler_Table_Base       
00002eb0  __TI_Handler_Table_Limit      
00002b91  __TI_auto_init_nobinit_nopinit
00002935  __TI_decompress_lzss          
00002d71  __TI_decompress_none          
00002a57  __TI_ltoa                     
ffffffff  __TI_pprof_out_hndl           
0000026d  __TI_printfi                  
ffffffff  __TI_prof_data_size           
ffffffff  __TI_prof_data_start          
00000000  __TI_static_base__            
00002741  __aeabi_cdcmpeq               
00002741  __aeabi_cdcmple               
000027c7  __aeabi_cdrcmple              
00002b49  __aeabi_d2iz                  
00001ce3  __aeabi_dadd                  
00001fcd  __aeabi_ddiv                  
00002461  __aeabi_dmul                  
00001cd9  __aeabi_dsub                  
00002d95  __aeabi_errno_addr            
00002c89  __aeabi_i2d                   
00000cbb  __aeabi_idiv0                 
00000cbb  __aeabi_ldiv0                 
0000284d  __aeabi_memclr                
0000284d  __aeabi_memclr4               
0000284d  __aeabi_memclr8               
0000260f  __aeabi_memcpy                
0000260f  __aeabi_memcpy4               
0000260f  __aeabi_memcpy8               
0000284f  __aeabi_memset                
0000284f  __aeabi_memset4               
0000284f  __aeabi_memset8               
000026ab  __aeabi_uldivmod              
ffffffff  __binit__                     
ffffffff  __c_args__                    
UNDEFED   __mpu_init                    
20000000  __stack                       
20000000  __start___llvm_prf_cnts       
20000000  __stop___llvm_prf_cnts        
00002c55  _c_int00_noargs               
00002da4  _ctypes_                      
UNDEFED   _system_post_cinit            
00002d9d  _system_pre_init              
00002da1  abort                         
00002afd  atoi                          
ffffffff  binit                         
00001311  clearPinInterrupt             
00002cf3  copysign                      
00002cf3  copysignl                     
000012ed  disablePinInterrupt           
00001025  disablePinPulldown            
00000fdd  disablePinPullup              
00000d79  disablePort                   
000012c9  enablePinInterrupt            
00001001  enablePinPulldown             
00000faf  enablePinPullup               
00000cbd  enablePort                    
20001000  errno                         
0000299d  frexp                         
0000299d  frexpl                        
00000000  g_pfnVectors                  
0000137f  getPinValue                   
00001435  getPortValue                  
000021db  getcUart0                     
000014c5  initHw                        
00002d61  initSystemClockTo40Mhz        
00002105  initUart0                     
000021ef  kbhitUart0                    
00002351  ldexp                         
00002351  ldexpl                        
00001593  loop                          
0000166f  loopWithHallEffects           
0000185f  main                          
00002cd7  memccpy                       
0000260f  memcpy                        
00002855  memset                        
00002193  putcUart0                     
000021af  putsUart0                     
00002351  scalbn                        
00002351  scalbnl                       
00000ee3  selectPinAnalogInput          
00000e95  selectPinDigitalInput         
000011ff  selectPinInterruptBothEdges   
000011af  selectPinInterruptFallingEdge 
00001255  selectPinInterruptHighLevel   
0000128f  selectPinInterruptLowLevel    
0000115f  selectPinInterruptRisingEdge  
00000e47  selectPinOpenDrainOutput      
00000df9  selectPinPushPullOutput       
0000104d  setPinAuxFunction             
00000f33  setPinCommitControl           
00001335  setPinValue                   
000013bd  setPortValue                  
0000214f  setUart0BaudRate              
00001527  setValues                     
00002bd5  sprintf                       
00002d25  strchr                        
00002d3b  strlen                        
0000135b  togglePinValue                
00002cb7  waitMicrosecond               
00002d4f  wcslen                        


GLOBAL SYMBOLS: SORTED BY Symbol Address 

address   name                          
-------   ----                          
00000000  __TI_static_base__            
00000000  g_pfnVectors                  
0000026d  __TI_printfi                  
00000cbb  __aeabi_idiv0                 
00000cbb  __aeabi_ldiv0                 
00000cbd  enablePort                    
00000d79  disablePort                   
00000df9  selectPinPushPullOutput       
00000e47  selectPinOpenDrainOutput      
00000e95  selectPinDigitalInput         
00000ee3  selectPinAnalogInput          
00000f33  setPinCommitControl           
00000faf  enablePinPullup               
00000fdd  disablePinPullup              
00001000  __STACK_SIZE                  
00001001  enablePinPulldown             
00001025  disablePinPulldown            
0000104d  setPinAuxFunction             
0000115f  selectPinInterruptRisingEdge  
000011af  selectPinInterruptFallingEdge 
000011ff  selectPinInterruptBothEdges   
00001255  selectPinInterruptHighLevel   
0000128f  selectPinInterruptLowLevel    
000012c9  enablePinInterrupt            
000012ed  disablePinInterrupt           
00001311  clearPinInterrupt             
00001335  setPinValue                   
0000135b  togglePinValue                
0000137f  getPinValue                   
000013bd  setPortValue                  
00001435  getPortValue                  
000014c5  initHw                        
00001527  setValues                     
00001593  loop                          
0000166f  loopWithHallEffects           
0000185f  main                          
00001cd9  __aeabi_dsub                  
00001ce3  __aeabi_dadd                  
00001fcd  __aeabi_ddiv                  
00002105  initUart0                     
0000214f  setUart0BaudRate              
00002193  putcUart0                     
000021af  putsUart0                     
000021db  getcUart0                     
000021ef  kbhitUart0                    
00002351  ldexp                         
00002351  ldexpl                        
00002351  scalbn                        
00002351  scalbnl                       
00002461  __aeabi_dmul                  
0000260f  __aeabi_memcpy                
0000260f  __aeabi_memcpy4               
0000260f  __aeabi_memcpy8               
0000260f  memcpy                        
000026ab  __aeabi_uldivmod              
00002741  __aeabi_cdcmpeq               
00002741  __aeabi_cdcmple               
000027c7  __aeabi_cdrcmple              
0000284d  __aeabi_memclr                
0000284d  __aeabi_memclr4               
0000284d  __aeabi_memclr8               
0000284f  __aeabi_memset                
0000284f  __aeabi_memset4               
0000284f  __aeabi_memset8               
00002855  memset                        
00002935  __TI_decompress_lzss          
0000299d  frexp                         
0000299d  frexpl                        
00002a57  __TI_ltoa                     
00002afd  atoi                          
00002b49  __aeabi_d2iz                  
00002b91  __TI_auto_init_nobinit_nopinit
00002bd5  sprintf                       
00002c55  _c_int00_noargs               
00002c89  __aeabi_i2d                   
00002cb7  waitMicrosecond               
00002cd7  memccpy                       
00002cf3  copysign                      
00002cf3  copysignl                     
00002d25  strchr                        
00002d3b  strlen                        
00002d4f  wcslen                        
00002d61  initSystemClockTo40Mhz        
00002d71  __TI_decompress_none          
00002d7f  ResetISR                      
00002d95  __aeabi_errno_addr            
00002d9d  _system_pre_init              
00002da1  C$$EXIT                       
00002da1  abort                         
00002da4  _ctypes_                      
00002ea8  __TI_Handler_Table_Base       
00002eb0  __TI_Handler_Table_Limit      
00002eb8  __TI_CINIT_Base               
00002ec0  __TI_CINIT_Limit              
20000000  __stack                       
20000000  __start___llvm_prf_cnts       
20000000  __stop___llvm_prf_cnts        
20000200  __STACK_TOP                   
20001000  __STACK_END                   
20001000  errno                         
ffffffff  __TI_pprof_out_hndl           
ffffffff  __TI_prof_data_size           
ffffffff  __TI_prof_data_start          
ffffffff  __binit__                     
ffffffff  __c_args__                    
ffffffff  binit                         
UNDEFED   __mpu_init                    
UNDEFED   _system_post_cinit            

[108 symbols]
