******************************************************************************
                  TI ARM Linker PC v20.2.7                     
******************************************************************************
>> Linked Fri Sep 22 14:43:20 2023

OUTPUT FILE NAME:   <Lab2 - Stepper.out>
ENTRY POINT SYMBOL: "_c_int00_noargs"  address: 00002775


MEMORY CONFIGURATION

         name            origin    length      used     unused   attr    fill
----------------------  --------  ---------  --------  --------  ----  --------
  FLASH                 00000000   00040000  00002bd4  0003d42c  R  X
  SRAM                  20000000   00008000  00000608  000079f8  RW X


SEGMENT ALLOCATION MAP

run origin  load origin   length   init length attrs members
----------  ----------- ---------- ----------- ----- -------
00000000    00000000    00002bd8   00002bd8    r-x
  00000000    00000000    0000026c   0000026c    r-- .intvecs
  0000026c    0000026c    000025f8   000025f8    r-x .text
  00002868    00002868    000001d0   000001d0    r-- .const
  00002a38    00002a38    000001a0   000001a0    r-- .cinit
20000000    20000000    00000608   00000000    rw-
  20000000    20000000    00000408   00000000    rw- .data
  20000408    20000408    00000200   00000000    rw- .stack


SECTION ALLOCATION MAP

 output                                  attributes/
section   page    origin      length       input sections
--------  ----  ----------  ----------   ----------------
.intvecs   0    00000000    0000026c     
                  00000000    0000026c     tm4c123gh6pm_startup_ccs.obj (.intvecs)

.text      0    0000026c    000025f8     
                  0000026c    00000fc4     main.obj (.text)
                  00001230    00000808     gpio.obj (.text)
                  00001a38    00000460     rtsv7M4_T_le_v4SPD16_eabi.lib : strtod.c.obj (.text:strtod)
                  00001e98    000001b6                                   : fd_add_t2.asm.obj (.text)
                  0000204e    00000136                                   : fd_div_t2.asm.obj (.text)
                  00002184    00000128     uart0.obj (.text)
                  000022ac    00000110     rtsv7M4_T_le_v4SPD16_eabi.lib : s_scalbn.c.obj (.text:scalbn)
                  000023bc    000000fc                                   : fd_mul_t2.asm.obj (.text)
                  000024b8    0000009c                                   : memcpy_t2.asm.obj (.text)
                  00002554    00000086                                   : fd_cmp_t2.asm.obj (.text:__aeabi_cdcmple)
                  000025da    0000006e                                   : fd_tos_t2.asm.obj (.text)
                  00002648    00000068                                   : copy_decompress_lzss.c.obj (.text:decompress:lzss:__TI_decompress_lzss)
                  000026b0    00000048                                   : fd_toi_t2.asm.obj (.text)
                  000026f8    00000044                                   : autoinit.c.obj (.text:__TI_auto_init_nobinit_nopinit:__TI_auto_init_nobinit_nopinit)
                  0000273c    00000038                                   : fs_tod_t2.asm.obj (.text)
                  00002774    00000034                                   : boot_cortex_m.c.obj (.text:_c_int00_noargs:_c_int00_noargs)
                  000027a8    0000002e                                   : i_tofd_t2.asm.obj (.text)
                  000027d6    00000024     wait.obj (.text)
                  000027fa    0000001a     rtsv7M4_T_le_v4SPD16_eabi.lib : s_copysign.c.obj (.text:copysign)
                  00002814    00000012                                   : atof.c.obj (.text:atof)
                  00002826    00000002     --HOLE-- [fill = 0]
                  00002828    00000010     clock.obj (.text)
                  00002838    0000000e     rtsv7M4_T_le_v4SPD16_eabi.lib : copy_decompress_none.c.obj (.text:decompress:none:__TI_decompress_none)
                  00002846    0000000c     tm4c123gh6pm_startup_ccs.obj (.text)
                  00002852    00000002     --HOLE-- [fill = 0]
                  00002854    00000008     rtsv7M4_T_le_v4SPD16_eabi.lib : errno.c.obj (.text:__aeabi_errno_addr)
                  0000285c    00000004                                   : pre_init.c.obj (.text:_system_pre_init)
                  00002860    00000004                                   : exit.c.obj (.text:abort:abort)

.const     0    00002868    000001d0     
                  00002868    00000101     rtsv7M4_T_le_v4SPD16_eabi.lib : ctype.c.obj (.const:.string:_ctypes_)
                  00002969    00000007     --HOLE-- [fill = 0]
                  00002970    000000c8                                   : strtod.c.obj (.const:$O1$$)

.cinit     0    00002a38    000001a0     
                  00002a38    0000018e     (.cinit..data.load) [load image, compression = lzss]
                  00002bc6    00000002     --HOLE-- [fill = 0]
                  00002bc8    00000008     (__TI_handler_table)
                  00002bd0    00000008     (__TI_cinit_table)

.init_array 
*          0    00000000    00000000     UNINITIALIZED

.data      0    20000000    00000408     UNINITIALIZED
                  20000000    00000200     main.obj (.data:cosarray)
                  20000200    00000200     main.obj (.data:sinarray)
                  20000400    00000004     main.obj (.data)
                  20000404    00000004     rtsv7M4_T_le_v4SPD16_eabi.lib : errno.c.obj (.data)

.stack     0    20000408    00000200     UNINITIALIZED
                  20000408    00000004     rtsv7M4_T_le_v4SPD16_eabi.lib : boot_cortex_m.c.obj (.stack)
                  2000040c    000001fc     --HOLE--

__llvm_prf_cnts 
*          0    20000000    00000000     UNINITIALIZED

MODULE SUMMARY

       Module                         code   ro data   rw data
       ------                         ----   -------   -------
    .\
       main.obj                       4036   0         1028   
       gpio.obj                       2056   0         0      
       tm4c123gh6pm_startup_ccs.obj   12     620       0      
       uart0.obj                      296    0         0      
       wait.obj                       36     0         0      
       clock.obj                      16     0         0      
    +--+------------------------------+------+---------+---------+
       Total:                         6452   620       1028   
                                                              
    C:\ti\ccs1220\ccs\tools\compiler\ti-cgt-arm_20.2.7.LTS\lib\rtsv7M4_T_le_v4SPD16_eabi.lib
       strtod.c.obj                   1120   200       0      
       fd_add_t2.asm.obj              438    0         0      
       fd_div_t2.asm.obj              310    0         0      
       s_scalbn.c.obj                 272    0         0      
       ctype.c.obj                    0      257       0      
       fd_mul_t2.asm.obj              252    0         0      
       memcpy_t2.asm.obj              156    0         0      
       fd_cmp_t2.asm.obj              134    0         0      
       fd_tos_t2.asm.obj              110    0         0      
       copy_decompress_lzss.c.obj     104    0         0      
       fd_toi_t2.asm.obj              72     0         0      
       autoinit.c.obj                 68     0         0      
       fs_tod_t2.asm.obj              56     0         0      
       boot_cortex_m.c.obj            52     0         0      
       i_tofd_t2.asm.obj              46     0         0      
       s_copysign.c.obj               26     0         0      
       atof.c.obj                     18     0         0      
       copy_decompress_none.c.obj     14     0         0      
       errno.c.obj                    8      0         4      
       exit.c.obj                     4      0         0      
       pre_init.c.obj                 4      0         0      
    +--+------------------------------+------+---------+---------+
       Total:                         3264   457       4      
                                                              
       Stack:                         0      0         512    
       Linker Generated:              0      414       0      
    +--+------------------------------+------+---------+---------+
       Grand Total:                   9716   1491      1544   


LINKER GENERATED COPY TABLES

__TI_cinit_table @ 00002bd0 records: 1, size/record: 8, table size: 8
	.data: load addr=00002a38, load size=0000018e bytes, run addr=20000000, run size=00000408 bytes, compression=lzss


LINKER GENERATED HANDLER TABLE

__TI_handler_table @ 00002bc8 records: 2, size/record: 4, table size: 8
	index: 0, handler: __TI_decompress_lzss
	index: 1, handler: __TI_decompress_none


GLOBAL SYMBOLS: SORTED ALPHABETICALLY BY Name 

address   name                          
-------   ----                          
00002861  C$$EXIT                       
00002847  ResetISR                      
20000608  __STACK_END                   
00000200  __STACK_SIZE                  
20000608  __STACK_TOP                   
00002bd0  __TI_CINIT_Base               
00002bd8  __TI_CINIT_Limit              
00002bc8  __TI_Handler_Table_Base       
00002bd0  __TI_Handler_Table_Limit      
000026f9  __TI_auto_init_nobinit_nopinit
00002649  __TI_decompress_lzss          
00002839  __TI_decompress_none          
ffffffff  __TI_pprof_out_hndl           
ffffffff  __TI_prof_data_size           
ffffffff  __TI_prof_data_start          
00000000  __TI_static_base__            
00002555  __aeabi_cdcmpeq               
00002555  __aeabi_cdcmple               
000025db  __aeabi_d2f                   
000026b1  __aeabi_d2iz                  
00001ea3  __aeabi_dadd                  
0000204f  __aeabi_ddiv                  
000023bd  __aeabi_dmul                  
00001e99  __aeabi_dsub                  
00002855  __aeabi_errno_addr            
0000273d  __aeabi_f2d                   
000027a9  __aeabi_i2d                   
000024b9  __aeabi_memcpy                
000024b9  __aeabi_memcpy4               
000024b9  __aeabi_memcpy8               
ffffffff  __binit__                     
ffffffff  __c_args__                    
UNDEFED   __mpu_init                    
20000408  __stack                       
20000000  __start___llvm_prf_cnts       
20000000  __stop___llvm_prf_cnts        
00002775  _c_int00_noargs               
00002868  _ctypes_                      
UNDEFED   _system_post_cinit            
0000285d  _system_pre_init              
00002861  abort                         
00002815  atof                          
ffffffff  binit                         
00001885  clearPinInterrupt             
000027fb  copysign                      
000027fb  copysignl                     
20000000  cosarray                      
00001861  disablePinInterrupt           
00001599  disablePinPulldown            
00001551  disablePinPullup              
000012ed  disablePort                   
0000183d  enablePinInterrupt            
00001575  enablePinPulldown             
00001523  enablePinPullup               
00001231  enablePort                    
20000404  errno                         
00000000  g_pfnVectors                  
000018f3  getPinValue                   
000019a9  getPortValue                  
0000225b  getcUart0                     
00000295  getsUart0                     
20000400  globalstep                    
00000fd5  initHW                        
00002829  initSystemClockTo40Mhz        
00002185  initUart0                     
0000226f  kbhitUart0                    
000022ad  ldexp                         
000022ad  ldexpl                        
00001095  main                          
000024b9  memcpy                        
20000402  position                      
00002213  putcUart0                     
0000222f  putsUart0                     
00000325  resetBar                      
000022ad  scalbn                        
000022ad  scalbnl                       
00001457  selectPinAnalogInput          
00001409  selectPinDigitalInput         
00001773  selectPinInterruptBothEdges   
00001723  selectPinInterruptFallingEdge 
000017c9  selectPinInterruptHighLevel   
00001803  selectPinInterruptLowLevel    
000016d3  selectPinInterruptRisingEdge  
000013bb  selectPinOpenDrainOutput      
0000136d  selectPinPushPullOutput       
0000026d  setMotor1                     
00000281  setMotor2                     
000015c1  setPinAuxFunction             
000014a7  setPinCommitControl           
000018a9  setPinValue                   
00001931  setPortValue                  
000021cf  setUart0BaudRate              
20000200  sinarray                      
00001a39  strtod                        
00001a39  strtold                       
000018cf  togglePinValue                
00000635  turnBar                       
00000971  turnFourFullMicrosteps        
00000d01  turnRemainingMicrosteps       
000027d7  waitMicrosecond               


GLOBAL SYMBOLS: SORTED BY Symbol Address 

address   name                          
-------   ----                          
00000000  __TI_static_base__            
00000000  g_pfnVectors                  
00000200  __STACK_SIZE                  
0000026d  setMotor1                     
00000281  setMotor2                     
00000295  getsUart0                     
00000325  resetBar                      
00000635  turnBar                       
00000971  turnFourFullMicrosteps        
00000d01  turnRemainingMicrosteps       
00000fd5  initHW                        
00001095  main                          
00001231  enablePort                    
000012ed  disablePort                   
0000136d  selectPinPushPullOutput       
000013bb  selectPinOpenDrainOutput      
00001409  selectPinDigitalInput         
00001457  selectPinAnalogInput          
000014a7  setPinCommitControl           
00001523  enablePinPullup               
00001551  disablePinPullup              
00001575  enablePinPulldown             
00001599  disablePinPulldown            
000015c1  setPinAuxFunction             
000016d3  selectPinInterruptRisingEdge  
00001723  selectPinInterruptFallingEdge 
00001773  selectPinInterruptBothEdges   
000017c9  selectPinInterruptHighLevel   
00001803  selectPinInterruptLowLevel    
0000183d  enablePinInterrupt            
00001861  disablePinInterrupt           
00001885  clearPinInterrupt             
000018a9  setPinValue                   
000018cf  togglePinValue                
000018f3  getPinValue                   
00001931  setPortValue                  
000019a9  getPortValue                  
00001a39  strtod                        
00001a39  strtold                       
00001e99  __aeabi_dsub                  
00001ea3  __aeabi_dadd                  
0000204f  __aeabi_ddiv                  
00002185  initUart0                     
000021cf  setUart0BaudRate              
00002213  putcUart0                     
0000222f  putsUart0                     
0000225b  getcUart0                     
0000226f  kbhitUart0                    
000022ad  ldexp                         
000022ad  ldexpl                        
000022ad  scalbn                        
000022ad  scalbnl                       
000023bd  __aeabi_dmul                  
000024b9  __aeabi_memcpy                
000024b9  __aeabi_memcpy4               
000024b9  __aeabi_memcpy8               
000024b9  memcpy                        
00002555  __aeabi_cdcmpeq               
00002555  __aeabi_cdcmple               
000025db  __aeabi_d2f                   
00002649  __TI_decompress_lzss          
000026b1  __aeabi_d2iz                  
000026f9  __TI_auto_init_nobinit_nopinit
0000273d  __aeabi_f2d                   
00002775  _c_int00_noargs               
000027a9  __aeabi_i2d                   
000027d7  waitMicrosecond               
000027fb  copysign                      
000027fb  copysignl                     
00002815  atof                          
00002829  initSystemClockTo40Mhz        
00002839  __TI_decompress_none          
00002847  ResetISR                      
00002855  __aeabi_errno_addr            
0000285d  _system_pre_init              
00002861  C$$EXIT                       
00002861  abort                         
00002868  _ctypes_                      
00002bc8  __TI_Handler_Table_Base       
00002bd0  __TI_CINIT_Base               
00002bd0  __TI_Handler_Table_Limit      
00002bd8  __TI_CINIT_Limit              
20000000  __start___llvm_prf_cnts       
20000000  __stop___llvm_prf_cnts        
20000000  cosarray                      
20000200  sinarray                      
20000400  globalstep                    
20000402  position                      
20000404  errno                         
20000408  __stack                       
20000608  __STACK_END                   
20000608  __STACK_TOP                   
ffffffff  __TI_pprof_out_hndl           
ffffffff  __TI_prof_data_size           
ffffffff  __TI_prof_data_start          
ffffffff  __binit__                     
ffffffff  __c_args__                    
ffffffff  binit                         
UNDEFED   __mpu_init                    
UNDEFED   _system_post_cinit            

[100 symbols]
