******************************************************************************
                  TI ARM Linker PC v20.2.7                     
******************************************************************************
>> Linked Fri Sep 29 16:59:37 2023

OUTPUT FILE NAME:   <Lab3 - DC.out>
ENTRY POINT SYMBOL: "_c_int00_noargs"  address: 00002f09


MEMORY CONFIGURATION

         name            origin    length      used     unused   attr    fill
----------------------  --------  ---------  --------  --------  ----  --------
  FLASH                 00000000   00040000  0000319d  0003ce63  R  X
  SRAM                  20000000   00008000  00001018  00006fe8  RW X


SEGMENT ALLOCATION MAP

run origin  load origin   length   init length attrs members
----------  ----------- ---------- ----------- ----- -------
00000000    00000000    000031a4   000031a4    r-x
  00000000    00000000    0000026c   0000026c    r-- .intvecs
  0000026c    0000026c    00002e14   00002e14    r-x .text
  00003080    00003080    00000101   00000101    r-- .const
  00003188    00003188    0000001c   0000001c    r-- .cinit
20000000    20000000    00001018   00000000    rw-
  20000000    20000000    00001000   00000000    rw- .stack
  20001000    20001000    00000018   00000000    rw- .data


SECTION ALLOCATION MAP

 output                                  attributes/
section   page    origin      length       input sections
--------  ----  ----------  ----------   ----------------
.intvecs   0    00000000    0000026c     
                  00000000    0000026c     tm4c123gh6pm_startup_ccs.obj (.intvecs)

.text      0    0000026c    00002e14     
                  0000026c    00000a4e     rtsv7M4_T_le_v4SPD16_eabi.lib : _printfi.c.obj (.text:__TI_printfi)
                  00000cba    00000002                                   : div0.asm.obj (.text)
                  00000cbc    00000808     gpio.obj (.text)
                  000014c4    000004d0     main.obj (.text)
                  00001994    00000270     rtsv7M4_T_le_v4SPD16_eabi.lib : _printfi.c.obj (.text:_pconv_a)
                  00001c04    000001d0                                   : _printfi.c.obj (.text:_pconv_g)
                  00001dd4    000001b6                                   : fd_add_t2.asm.obj (.text)
                  00001f8a    00000002     --HOLE-- [fill = 0]
                  00001f8c    0000013c                                   : _printfi.c.obj (.text:_pconv_e)
                  000020c8    00000136                                   : fd_div_t2.asm.obj (.text)
                  000021fe    00000002     --HOLE-- [fill = 0]
                  00002200    00000128     uart0.obj (.text)
                  00002328    00000124     rtsv7M4_T_le_v4SPD16_eabi.lib : _printfi.c.obj (.text:fcvt)
                  0000244c    00000110                                   : s_scalbn.c.obj (.text:scalbn)
                  0000255c    00000104     adc0.obj (.text)
                  00002660    000000fc     rtsv7M4_T_le_v4SPD16_eabi.lib : fd_mul_t2.asm.obj (.text)
                  0000275c    000000b1                                   : _printfi.c.obj (.text:_ltostr)
                  0000280d    00000001     --HOLE-- [fill = 0]
                  0000280e    0000009c                                   : memcpy_t2.asm.obj (.text)
                  000028aa    00000096                                   : ull_div_t2.asm.obj (.text)
                  00002940    00000086                                   : fd_cmp_t2.asm.obj (.text:__aeabi_cdcmple)
                  000029c6    00000086                                   : fd_cmp_t2.asm.obj (.text:__aeabi_cdrcmple)
                  00002a4c    0000007a                                   : memset_t2.asm.obj (.text)
                  00002ac6    0000006e                                   : _printfi.c.obj (.text:_mcpy)
                  00002b34    0000006e                                   : fd_tos_t2.asm.obj (.text)
                  00002ba2    00000068                                   : copy_decompress_lzss.c.obj (.text:decompress:lzss:__TI_decompress_lzss)
                  00002c0a    00000002     --HOLE-- [fill = 0]
                  00002c0c    00000064                                   : s_frexp.c.obj (.text:frexp)
                  00002c70    00000056                                   : _printfi.c.obj (.text:_pconv_f)
                  00002cc6    00000054                                   : _ltoa.c.obj (.text:__TI_ltoa)
                  00002d1a    00000052                                   : _printfi.c.obj (.text:_ecpy)
                  00002d6c    0000004c                                   : atoi.c.obj (.text:atoi)
                  00002db8    0000004c                                   : snprintf.c.obj (.text:snprintf)
                  00002e04    00000048                                   : fd_toi_t2.asm.obj (.text)
                  00002e4c    00000044                                   : autoinit.c.obj (.text:__TI_auto_init_nobinit_nopinit:__TI_auto_init_nobinit_nopinit)
                  00002e90    0000003e                                   : _printfi.c.obj (.text:_fcpy)
                  00002ece    00000038                                   : fs_tod_t2.asm.obj (.text)
                  00002f06    00000002     --HOLE-- [fill = 0]
                  00002f08    00000034                                   : boot_cortex_m.c.obj (.text:_c_int00_noargs:_c_int00_noargs)
                  00002f3c    00000030                                   : snprintf.c.obj (.text:_outs)
                  00002f6c    0000002e                                   : i_tofd_t2.asm.obj (.text)
                  00002f9a    00000020     wait.obj (.text)
                  00002fba    0000001c     rtsv7M4_T_le_v4SPD16_eabi.lib : memccpy.c.obj (.text:memccpy)
                  00002fd6    0000001a                                   : s_copysign.c.obj (.text:copysign)
                  00002ff0    00000018                                   : snprintf.c.obj (.text:_outc)
                  00003008    00000016                                   : strchr.c.obj (.text:strchr)
                  0000301e    00000014                                   : strlen.c.obj (.text:strlen)
                  00003032    00000012                                   : wcslen.c.obj (.text:wcslen)
                  00003044    00000010     clock.obj (.text)
                  00003054    0000000e     rtsv7M4_T_le_v4SPD16_eabi.lib : copy_decompress_none.c.obj (.text:decompress:none:__TI_decompress_none)
                  00003062    0000000c     tm4c123gh6pm_startup_ccs.obj (.text)
                  0000306e    00000002     --HOLE-- [fill = 0]
                  00003070    00000008     rtsv7M4_T_le_v4SPD16_eabi.lib : errno.c.obj (.text:__aeabi_errno_addr)
                  00003078    00000004                                   : pre_init.c.obj (.text:_system_pre_init)
                  0000307c    00000004                                   : exit.c.obj (.text:abort:abort)

.const     0    00003080    00000101     
                  00003080    00000101     rtsv7M4_T_le_v4SPD16_eabi.lib : ctype.c.obj (.const:.string:_ctypes_)

.cinit     0    00003188    0000001c     
                  00003188    0000000a     (.cinit..data.load) [load image, compression = lzss]
                  00003192    00000002     --HOLE-- [fill = 0]
                  00003194    00000008     (__TI_handler_table)
                  0000319c    00000008     (__TI_cinit_table)

.init_array 
*          0    00000000    00000000     UNINITIALIZED

.data      0    20001000    00000018     UNINITIALIZED
                  20001000    00000014     main.obj (.data)
                  20001014    00000004     rtsv7M4_T_le_v4SPD16_eabi.lib : errno.c.obj (.data)

.stack     0    20000000    00001000     UNINITIALIZED
                  20000000    00000004     rtsv7M4_T_le_v4SPD16_eabi.lib : boot_cortex_m.c.obj (.stack)
                  20000004    00000ffc     --HOLE--

__llvm_prf_cnts 
*          0    20000000    00000000     UNINITIALIZED

MODULE SUMMARY

       Module                         code    ro data   rw data
       ------                         ----    -------   -------
    .\
       gpio.obj                       2056    0         0      
       main.obj                       1232    0         20     
       tm4c123gh6pm_startup_ccs.obj   12      620       0      
       uart0.obj                      296     0         0      
       adc0.obj                       260     0         0      
       wait.obj                       32      0         0      
       clock.obj                      16      0         0      
    +--+------------------------------+-------+---------+---------+
       Total:                         3904    620       20     
                                                               
    C:\ti\ccs1220\ccs\tools\compiler\ti-cgt-arm_20.2.7.LTS\lib\rtsv7M4_T_le_v4SPD16_eabi.lib
       _printfi.c.obj                 4851    0         0      
       fd_add_t2.asm.obj              438     0         0      
       fd_div_t2.asm.obj              310     0         0      
       s_scalbn.c.obj                 272     0         0      
       fd_cmp_t2.asm.obj              268     0         0      
       ctype.c.obj                    0       257       0      
       fd_mul_t2.asm.obj              252     0         0      
       memcpy_t2.asm.obj              156     0         0      
       ull_div_t2.asm.obj             150     0         0      
       snprintf.c.obj                 148     0         0      
       memset_t2.asm.obj              122     0         0      
       fd_tos_t2.asm.obj              110     0         0      
       copy_decompress_lzss.c.obj     104     0         0      
       s_frexp.c.obj                  100     0         0      
       _ltoa.c.obj                    84      0         0      
       atoi.c.obj                     76      0         0      
       fd_toi_t2.asm.obj              72      0         0      
       autoinit.c.obj                 68      0         0      
       fs_tod_t2.asm.obj              56      0         0      
       boot_cortex_m.c.obj            52      0         0      
       i_tofd_t2.asm.obj              46      0         0      
       memccpy.c.obj                  28      0         0      
       s_copysign.c.obj               26      0         0      
       strchr.c.obj                   22      0         0      
       strlen.c.obj                   20      0         0      
       wcslen.c.obj                   18      0         0      
       copy_decompress_none.c.obj     14      0         0      
       errno.c.obj                    8       0         4      
       exit.c.obj                     4       0         0      
       pre_init.c.obj                 4       0         0      
       div0.asm.obj                   2       0         0      
    +--+------------------------------+-------+---------+---------+
       Total:                         7881    257       4      
                                                               
       Stack:                         0       0         4096   
       Linker Generated:              0       26        0      
    +--+------------------------------+-------+---------+---------+
       Grand Total:                   11785   903       4120   


LINKER GENERATED COPY TABLES

__TI_cinit_table @ 0000319c records: 1, size/record: 8, table size: 8
	.data: load addr=00003188, load size=0000000a bytes, run addr=20001000, run size=00000018 bytes, compression=lzss


LINKER GENERATED HANDLER TABLE

__TI_handler_table @ 00003194 records: 2, size/record: 4, table size: 8
	index: 0, handler: __TI_decompress_lzss
	index: 1, handler: __TI_decompress_none


GLOBAL SYMBOLS: SORTED ALPHABETICALLY BY Name 

address   name                          
-------   ----                          
0000307d  C$$EXIT                       
00003063  ResetISR                      
20001000  __STACK_END                   
00001000  __STACK_SIZE                  
20000200  __STACK_TOP                   
0000319c  __TI_CINIT_Base               
000031a4  __TI_CINIT_Limit              
00003194  __TI_Handler_Table_Base       
0000319c  __TI_Handler_Table_Limit      
00002e4d  __TI_auto_init_nobinit_nopinit
00002ba3  __TI_decompress_lzss          
00003055  __TI_decompress_none          
00002cc7  __TI_ltoa                     
ffffffff  __TI_pprof_out_hndl           
0000026d  __TI_printfi                  
ffffffff  __TI_prof_data_size           
ffffffff  __TI_prof_data_start          
00000000  __TI_static_base__            
00002941  __aeabi_cdcmpeq               
00002941  __aeabi_cdcmple               
000029c7  __aeabi_cdrcmple              
00002b35  __aeabi_d2f                   
00002e05  __aeabi_d2iz                  
00001ddf  __aeabi_dadd                  
000020c9  __aeabi_ddiv                  
00002661  __aeabi_dmul                  
00001dd5  __aeabi_dsub                  
00003071  __aeabi_errno_addr            
00002ecf  __aeabi_f2d                   
00002f6d  __aeabi_i2d                   
00000cbb  __aeabi_idiv0                 
00000cbb  __aeabi_ldiv0                 
00002a4d  __aeabi_memclr                
00002a4d  __aeabi_memclr4               
00002a4d  __aeabi_memclr8               
0000280f  __aeabi_memcpy                
0000280f  __aeabi_memcpy4               
0000280f  __aeabi_memcpy8               
00002a4f  __aeabi_memset                
00002a4f  __aeabi_memset4               
00002a4f  __aeabi_memset8               
000028ab  __aeabi_uldivmod              
ffffffff  __binit__                     
ffffffff  __c_args__                    
UNDEFED   __mpu_init                    
20000000  __stack                       
20000000  __start___llvm_prf_cnts       
20000000  __stop___llvm_prf_cnts        
00002f09  _c_int00_noargs               
00003080  _ctypes_                      
UNDEFED   _system_post_cinit            
00003079  _system_pre_init              
0000307d  abort                         
00002d6d  atoi                          
ffffffff  binit                         
00001311  clearPinInterrupt             
00002fd7  copysign                      
00002fd7  copysignl                     
000012ed  disablePinInterrupt           
00001025  disablePinPulldown            
00000fdd  disablePinPullup              
00000d79  disablePort                   
000012c9  enablePinInterrupt            
00001001  enablePinPulldown             
00000faf  enablePinPullup               
00000cbd  enablePort                    
000014c5  enableTimers                  
20001014  errno                         
20001004  frequency                     
00002c0d  frexp                         
00002c0d  frexpl                        
00000000  g_pfnVectors                  
0000137f  getPinValue                   
00001435  getPortValue                  
000022d7  getcUart0                     
0000255d  initAdc0Ss3                   
00001631  initHW                        
00003045  initSystemClockTo40Mhz        
00002201  initUart0                     
000022eb  kbhitUart0                    
0000244d  ldexp                         
0000244d  ldexpl                        
000017a5  main                          
00002fbb  memccpy                       
0000280f  memcpy                        
00002a55  memset                        
0000228f  putcUart0                     
000022ab  putsUart0                     
20001008  raw                           
0000260f  readAdc0Ss3                   
2000100c  rpm                           
0000244d  scalbn                        
0000244d  scalbnl                       
00000ee3  selectPinAnalogInput          
00000e95  selectPinDigitalInput         
000011ff  selectPinInterruptBothEdges   
000011af  selectPinInterruptFallingEdge 
00001255  selectPinInterruptHighLevel   
0000128f  selectPinInterruptLowLevel    
0000115f  selectPinInterruptRisingEdge  
00000e47  selectPinOpenDrainOutput      
00000df9  selectPinPushPullOutput       
000025a3  setAdc0Ss3Log2AverageCount    
000025e7  setAdc0Ss3Mux                 
00001561  setMotor1                     
0000104d  setPinAuxFunction             
00000f33  setPinCommitControl           
00001335  setPinValue                   
000013bd  setPortValue                  
0000224b  setUart0BaudRate              
00002db9  snprintf                      
20001000  speed                         
00003009  strchr                        
0000301f  strlen                        
20001010  tempspeed                     
00001575  timer1Isr                     
0000158b  timer2Isr                     
0000135b  togglePinValue                
00002f9b  waitMicrosecond               
00003033  wcslen                        
0000162f  wideTimer1Isr                 


GLOBAL SYMBOLS: SORTED BY Symbol Address 

address   name                          
-------   ----                          
00000000  __TI_static_base__            
00000000  g_pfnVectors                  
0000026d  __TI_printfi                  
00000cbb  __aeabi_idiv0                 
00000cbb  __aeabi_ldiv0                 
00000cbd  enablePort                    
00000d79  disablePort                   
00000df9  selectPinPushPullOutput       
00000e47  selectPinOpenDrainOutput      
00000e95  selectPinDigitalInput         
00000ee3  selectPinAnalogInput          
00000f33  setPinCommitControl           
00000faf  enablePinPullup               
00000fdd  disablePinPullup              
00001000  __STACK_SIZE                  
00001001  enablePinPulldown             
00001025  disablePinPulldown            
0000104d  setPinAuxFunction             
0000115f  selectPinInterruptRisingEdge  
000011af  selectPinInterruptFallingEdge 
000011ff  selectPinInterruptBothEdges   
00001255  selectPinInterruptHighLevel   
0000128f  selectPinInterruptLowLevel    
000012c9  enablePinInterrupt            
000012ed  disablePinInterrupt           
00001311  clearPinInterrupt             
00001335  setPinValue                   
0000135b  togglePinValue                
0000137f  getPinValue                   
000013bd  setPortValue                  
00001435  getPortValue                  
000014c5  enableTimers                  
00001561  setMotor1                     
00001575  timer1Isr                     
0000158b  timer2Isr                     
0000162f  wideTimer1Isr                 
00001631  initHW                        
000017a5  main                          
00001dd5  __aeabi_dsub                  
00001ddf  __aeabi_dadd                  
000020c9  __aeabi_ddiv                  
00002201  initUart0                     
0000224b  setUart0BaudRate              
0000228f  putcUart0                     
000022ab  putsUart0                     
000022d7  getcUart0                     
000022eb  kbhitUart0                    
0000244d  ldexp                         
0000244d  ldexpl                        
0000244d  scalbn                        
0000244d  scalbnl                       
0000255d  initAdc0Ss3                   
000025a3  setAdc0Ss3Log2AverageCount    
000025e7  setAdc0Ss3Mux                 
0000260f  readAdc0Ss3                   
00002661  __aeabi_dmul                  
0000280f  __aeabi_memcpy                
0000280f  __aeabi_memcpy4               
0000280f  __aeabi_memcpy8               
0000280f  memcpy                        
000028ab  __aeabi_uldivmod              
00002941  __aeabi_cdcmpeq               
00002941  __aeabi_cdcmple               
000029c7  __aeabi_cdrcmple              
00002a4d  __aeabi_memclr                
00002a4d  __aeabi_memclr4               
00002a4d  __aeabi_memclr8               
00002a4f  __aeabi_memset                
00002a4f  __aeabi_memset4               
00002a4f  __aeabi_memset8               
00002a55  memset                        
00002b35  __aeabi_d2f                   
00002ba3  __TI_decompress_lzss          
00002c0d  frexp                         
00002c0d  frexpl                        
00002cc7  __TI_ltoa                     
00002d6d  atoi                          
00002db9  snprintf                      
00002e05  __aeabi_d2iz                  
00002e4d  __TI_auto_init_nobinit_nopinit
00002ecf  __aeabi_f2d                   
00002f09  _c_int00_noargs               
00002f6d  __aeabi_i2d                   
00002f9b  waitMicrosecond               
00002fbb  memccpy                       
00002fd7  copysign                      
00002fd7  copysignl                     
00003009  strchr                        
0000301f  strlen                        
00003033  wcslen                        
00003045  initSystemClockTo40Mhz        
00003055  __TI_decompress_none          
00003063  ResetISR                      
00003071  __aeabi_errno_addr            
00003079  _system_pre_init              
0000307d  C$$EXIT                       
0000307d  abort                         
00003080  _ctypes_                      
00003194  __TI_Handler_Table_Base       
0000319c  __TI_CINIT_Base               
0000319c  __TI_Handler_Table_Limit      
000031a4  __TI_CINIT_Limit              
20000000  __stack                       
20000000  __start___llvm_prf_cnts       
20000000  __stop___llvm_prf_cnts        
20000200  __STACK_TOP                   
20001000  __STACK_END                   
20001000  speed                         
20001004  frequency                     
20001008  raw                           
2000100c  rpm                           
20001010  tempspeed                     
20001014  errno                         
ffffffff  __TI_pprof_out_hndl           
ffffffff  __TI_prof_data_size           
ffffffff  __TI_prof_data_start          
ffffffff  __binit__                     
ffffffff  __c_args__                    
ffffffff  binit                         
UNDEFED   __mpu_init                    
UNDEFED   _system_post_cinit            

[121 symbols]
