******************************************************************************
                  TI ARM Linker PC v20.2.7                     
******************************************************************************
>> Linked Fri Oct 27 13:38:42 2023

OUTPUT FILE NAME:   <Lab_5_Mechatronics.out>
ENTRY POINT SYMBOL: "_c_int00_noargs"  address: 00002b61


MEMORY CONFIGURATION

         name            origin    length      used     unused   attr    fill
----------------------  --------  ---------  --------  --------  ----  --------
  FLASH                 00000000   00040000  00002dc9  0003d237  R  X
  SRAM                  20000000   00008000  00001008  00006ff8  RW X


SEGMENT ALLOCATION MAP

run origin  load origin   length   init length attrs members
----------  ----------- ---------- ----------- ----- -------
00000000    00000000    00002dd0   00002dd0    r-x
  00000000    00000000    0000026c   0000026c    r-- .intvecs
  0000026c    0000026c    00002a44   00002a44    r-x .text
  00002cb0    00002cb0    00000101   00000101    r-- .const
  00002db8    00002db8    00000018   00000018    r-- .cinit
20000000    20000000    00001008   00000000    rw-
  20000000    20000000    00001000   00000000    rw- .stack
  20001000    20001000    00000008   00000000    rw- .data


SECTION ALLOCATION MAP

 output                                  attributes/
section   page    origin      length       input sections
--------  ----  ----------  ----------   ----------------
.intvecs   0    00000000    0000026c     
                  00000000    0000026c     tm4c123gh6pm_startup_ccs.obj (.intvecs)

.text      0    0000026c    00002a44     
                  0000026c    00000a4e     rtsv7M4_T_le_v4SPD16_eabi.lib : _printfi.c.obj (.text:__TI_printfi)
                  00000cba    00000002                                   : div0.asm.obj (.text)
                  00000cbc    00000808     gpio.obj (.text)
                  000014c4    000002e0     main.obj (.text)
                  000017a4    00000270     rtsv7M4_T_le_v4SPD16_eabi.lib : _printfi.c.obj (.text:_pconv_a)
                  00001a14    000001d0                                   : _printfi.c.obj (.text:_pconv_g)
                  00001be4    000001b6                                   : fd_add_t2.asm.obj (.text)
                  00001d9a    00000002     --HOLE-- [fill = 0]
                  00001d9c    0000013c                                   : _printfi.c.obj (.text:_pconv_e)
                  00001ed8    00000136                                   : fd_div_t2.asm.obj (.text)
                  0000200e    00000002     --HOLE-- [fill = 0]
                  00002010    00000128     uart0.obj (.text)
                  00002138    00000124     rtsv7M4_T_le_v4SPD16_eabi.lib : _printfi.c.obj (.text:fcvt)
                  0000225c    00000110                                   : s_scalbn.c.obj (.text:scalbn)
                  0000236c    000000fc                                   : fd_mul_t2.asm.obj (.text)
                  00002468    000000b1                                   : _printfi.c.obj (.text:_ltostr)
                  00002519    00000001     --HOLE-- [fill = 0]
                  0000251a    0000009c                                   : memcpy_t2.asm.obj (.text)
                  000025b6    00000096                                   : ull_div_t2.asm.obj (.text)
                  0000264c    00000086                                   : fd_cmp_t2.asm.obj (.text:__aeabi_cdcmple)
                  000026d2    00000086                                   : fd_cmp_t2.asm.obj (.text:__aeabi_cdrcmple)
                  00002758    0000007a                                   : memset_t2.asm.obj (.text)
                  000027d2    0000006e                                   : _printfi.c.obj (.text:_mcpy)
                  00002840    00000068                                   : copy_decompress_lzss.c.obj (.text:decompress:lzss:__TI_decompress_lzss)
                  000028a8    00000064                                   : s_frexp.c.obj (.text:frexp)
                  0000290c    00000056                                   : _printfi.c.obj (.text:_pconv_f)
                  00002962    00000054                                   : _ltoa.c.obj (.text:__TI_ltoa)
                  000029b6    00000052                                   : _printfi.c.obj (.text:_ecpy)
                  00002a08    0000004c                                   : atoi.c.obj (.text:atoi)
                  00002a54    00000048                                   : fd_toi_t2.asm.obj (.text)
                  00002a9c    00000044                                   : autoinit.c.obj (.text:__TI_auto_init_nobinit_nopinit:__TI_auto_init_nobinit_nopinit)
                  00002ae0    00000040                                   : sprintf.c.obj (.text:sprintf)
                  00002b20    0000003e                                   : _printfi.c.obj (.text:_fcpy)
                  00002b5e    00000002     --HOLE-- [fill = 0]
                  00002b60    00000034                                   : boot_cortex_m.c.obj (.text:_c_int00_noargs:_c_int00_noargs)
                  00002b94    0000002e                                   : i_tofd_t2.asm.obj (.text)
                  00002bc2    00000020     wait.obj (.text)
                  00002be2    0000001c     rtsv7M4_T_le_v4SPD16_eabi.lib : memccpy.c.obj (.text:memccpy)
                  00002bfe    0000001a                                   : s_copysign.c.obj (.text:copysign)
                  00002c18    00000018                                   : sprintf.c.obj (.text:_outs)
                  00002c30    00000016                                   : strchr.c.obj (.text:strchr)
                  00002c46    00000014                                   : strlen.c.obj (.text:strlen)
                  00002c5a    00000012                                   : wcslen.c.obj (.text:wcslen)
                  00002c6c    00000010     clock.obj (.text)
                  00002c7c    0000000e     rtsv7M4_T_le_v4SPD16_eabi.lib : copy_decompress_none.c.obj (.text:decompress:none:__TI_decompress_none)
                  00002c8a    0000000c     tm4c123gh6pm_startup_ccs.obj (.text)
                  00002c96    0000000a     rtsv7M4_T_le_v4SPD16_eabi.lib : sprintf.c.obj (.text:_outc)
                  00002ca0    00000008                                   : errno.c.obj (.text:__aeabi_errno_addr)
                  00002ca8    00000004                                   : pre_init.c.obj (.text:_system_pre_init)
                  00002cac    00000004                                   : exit.c.obj (.text:abort:abort)

.const     0    00002cb0    00000101     
                  00002cb0    00000101     rtsv7M4_T_le_v4SPD16_eabi.lib : ctype.c.obj (.const:.string:_ctypes_)

.cinit     0    00002db8    00000018     
                  00002db8    00000008     (__TI_handler_table)
                  00002dc0    00000007     (.cinit..data.load) [load image, compression = lzss]
                  00002dc7    00000001     --HOLE-- [fill = 0]
                  00002dc8    00000008     (__TI_cinit_table)

.init_array 
*          0    00000000    00000000     UNINITIALIZED

.data      0    20001000    00000008     UNINITIALIZED
                  20001000    00000004     main.obj (.data)
                  20001004    00000004     rtsv7M4_T_le_v4SPD16_eabi.lib : errno.c.obj (.data)

.stack     0    20000000    00001000     UNINITIALIZED
                  20000000    00000004     rtsv7M4_T_le_v4SPD16_eabi.lib : boot_cortex_m.c.obj (.stack)
                  20000004    00000ffc     --HOLE--

__llvm_prf_cnts 
*          0    20000000    00000000     UNINITIALIZED

MODULE SUMMARY

       Module                         code    ro data   rw data
       ------                         ----    -------   -------
    .\
       gpio.obj                       2056    0         0      
       main.obj                       736     0         4      
       tm4c123gh6pm_startup_ccs.obj   12      620       0      
       uart0.obj                      296     0         0      
       wait.obj                       32      0         0      
       clock.obj                      16      0         0      
    +--+------------------------------+-------+---------+---------+
       Total:                         3148    620       4      
                                                               
    C:\ti\ccs1220\ccs\tools\compiler\ti-cgt-arm_20.2.7.LTS\lib\rtsv7M4_T_le_v4SPD16_eabi.lib
       _printfi.c.obj                 4851    0         0      
       fd_add_t2.asm.obj              438     0         0      
       fd_div_t2.asm.obj              310     0         0      
       s_scalbn.c.obj                 272     0         0      
       fd_cmp_t2.asm.obj              268     0         0      
       ctype.c.obj                    0       257       0      
       fd_mul_t2.asm.obj              252     0         0      
       memcpy_t2.asm.obj              156     0         0      
       ull_div_t2.asm.obj             150     0         0      
       memset_t2.asm.obj              122     0         0      
       copy_decompress_lzss.c.obj     104     0         0      
       s_frexp.c.obj                  100     0         0      
       sprintf.c.obj                  98      0         0      
       _ltoa.c.obj                    84      0         0      
       atoi.c.obj                     76      0         0      
       fd_toi_t2.asm.obj              72      0         0      
       autoinit.c.obj                 68      0         0      
       boot_cortex_m.c.obj            52      0         0      
       i_tofd_t2.asm.obj              46      0         0      
       memccpy.c.obj                  28      0         0      
       s_copysign.c.obj               26      0         0      
       strchr.c.obj                   22      0         0      
       strlen.c.obj                   20      0         0      
       wcslen.c.obj                   18      0         0      
       copy_decompress_none.c.obj     14      0         0      
       errno.c.obj                    8       0         4      
       exit.c.obj                     4       0         0      
       pre_init.c.obj                 4       0         0      
       div0.asm.obj                   2       0         0      
    +--+------------------------------+-------+---------+---------+
       Total:                         7665    257       4      
                                                               
       Stack:                         0       0         4096   
       Linker Generated:              0       23        0      
    +--+------------------------------+-------+---------+---------+
       Grand Total:                   10813   900       4104   


LINKER GENERATED COPY TABLES

__TI_cinit_table @ 00002dc8 records: 1, size/record: 8, table size: 8
	.data: load addr=00002dc0, load size=00000007 bytes, run addr=20001000, run size=00000008 bytes, compression=lzss


LINKER GENERATED HANDLER TABLE

__TI_handler_table @ 00002db8 records: 2, size/record: 4, table size: 8
	index: 0, handler: __TI_decompress_lzss
	index: 1, handler: __TI_decompress_none


GLOBAL SYMBOLS: SORTED ALPHABETICALLY BY Name 

address   name                          
-------   ----                          
00002cad  C$$EXIT                       
00002c8b  ResetISR                      
20001000  __STACK_END                   
00001000  __STACK_SIZE                  
20000200  __STACK_TOP                   
00002dc8  __TI_CINIT_Base               
00002dd0  __TI_CINIT_Limit              
00002db8  __TI_Handler_Table_Base       
00002dc0  __TI_Handler_Table_Limit      
00002a9d  __TI_auto_init_nobinit_nopinit
00002841  __TI_decompress_lzss          
00002c7d  __TI_decompress_none          
00002963  __TI_ltoa                     
ffffffff  __TI_pprof_out_hndl           
0000026d  __TI_printfi                  
ffffffff  __TI_prof_data_size           
ffffffff  __TI_prof_data_start          
00000000  __TI_static_base__            
0000264d  __aeabi_cdcmpeq               
0000264d  __aeabi_cdcmple               
000026d3  __aeabi_cdrcmple              
00002a55  __aeabi_d2iz                  
00001bef  __aeabi_dadd                  
00001ed9  __aeabi_ddiv                  
0000236d  __aeabi_dmul                  
00001be5  __aeabi_dsub                  
00002ca1  __aeabi_errno_addr            
00002b95  __aeabi_i2d                   
00000cbb  __aeabi_idiv0                 
00000cbb  __aeabi_ldiv0                 
00002759  __aeabi_memclr                
00002759  __aeabi_memclr4               
00002759  __aeabi_memclr8               
0000251b  __aeabi_memcpy                
0000251b  __aeabi_memcpy4               
0000251b  __aeabi_memcpy8               
0000275b  __aeabi_memset                
0000275b  __aeabi_memset4               
0000275b  __aeabi_memset8               
000025b7  __aeabi_uldivmod              
ffffffff  __binit__                     
ffffffff  __c_args__                    
UNDEFED   __mpu_init                    
20000000  __stack                       
20000000  __start___llvm_prf_cnts       
20000000  __stop___llvm_prf_cnts        
00002b61  _c_int00_noargs               
00002cb0  _ctypes_                      
UNDEFED   _system_post_cinit            
00002ca9  _system_pre_init              
00002cad  abort                         
00002a09  atoi                          
ffffffff  binit                         
00001311  clearPinInterrupt             
00002bff  copysign                      
00002bff  copysignl                     
00001579  disableCounterMode            
000012ed  disablePinInterrupt           
00001025  disablePinPulldown            
00000fdd  disablePinPullup              
00000d79  disablePort                   
000014ff  disableTimerMode              
00001511  enableCounterMode             
000012c9  enablePinInterrupt            
00001001  enablePinPulldown             
00000faf  enablePinPullup               
00000cbd  enablePort                    
000014c5  enableTimerMode               
20001004  errno                         
20001000  frequency                     
000028a9  frexp                         
000028a9  frexpl                        
00000000  g_pfnVectors                  
0000137f  getPinValue                   
00001435  getPortValue                  
000020e7  getcUart0                     
000015ad  initHw                        
00002c6d  initSystemClockTo40Mhz        
00002011  initUart0                     
000020fb  kbhitUart0                    
0000225d  ldexp                         
0000225d  ldexpl                        
0000167d  main                          
00002be3  memccpy                       
0000251b  memcpy                        
00002761  memset                        
0000209f  putcUart0                     
000020bb  putsUart0                     
0000225d  scalbn                        
0000225d  scalbnl                       
00000ee3  selectPinAnalogInput          
00000e95  selectPinDigitalInput         
000011ff  selectPinInterruptBothEdges   
000011af  selectPinInterruptFallingEdge 
00001255  selectPinInterruptHighLevel   
0000128f  selectPinInterruptLowLevel    
0000115f  selectPinInterruptRisingEdge  
00000e47  selectPinOpenDrainOutput      
00000df9  selectPinPushPullOutput       
0000104d  setPinAuxFunction             
00000f33  setPinCommitControl           
00001335  setPinValue                   
000013bd  setPortValue                  
0000205b  setUart0BaudRate              
00002ae1  sprintf                       
00002c31  strchr                        
00002c47  strlen                        
00001597  timer1Isr                     
0000135b  togglePinValue                
00002bc3  waitMicrosecond               
00002c5b  wcslen                        


GLOBAL SYMBOLS: SORTED BY Symbol Address 

address   name                          
-------   ----                          
00000000  __TI_static_base__            
00000000  g_pfnVectors                  
0000026d  __TI_printfi                  
00000cbb  __aeabi_idiv0                 
00000cbb  __aeabi_ldiv0                 
00000cbd  enablePort                    
00000d79  disablePort                   
00000df9  selectPinPushPullOutput       
00000e47  selectPinOpenDrainOutput      
00000e95  selectPinDigitalInput         
00000ee3  selectPinAnalogInput          
00000f33  setPinCommitControl           
00000faf  enablePinPullup               
00000fdd  disablePinPullup              
00001000  __STACK_SIZE                  
00001001  enablePinPulldown             
00001025  disablePinPulldown            
0000104d  setPinAuxFunction             
0000115f  selectPinInterruptRisingEdge  
000011af  selectPinInterruptFallingEdge 
000011ff  selectPinInterruptBothEdges   
00001255  selectPinInterruptHighLevel   
0000128f  selectPinInterruptLowLevel    
000012c9  enablePinInterrupt            
000012ed  disablePinInterrupt           
00001311  clearPinInterrupt             
00001335  setPinValue                   
0000135b  togglePinValue                
0000137f  getPinValue                   
000013bd  setPortValue                  
00001435  getPortValue                  
000014c5  enableTimerMode               
000014ff  disableTimerMode              
00001511  enableCounterMode             
00001579  disableCounterMode            
00001597  timer1Isr                     
000015ad  initHw                        
0000167d  main                          
00001be5  __aeabi_dsub                  
00001bef  __aeabi_dadd                  
00001ed9  __aeabi_ddiv                  
00002011  initUart0                     
0000205b  setUart0BaudRate              
0000209f  putcUart0                     
000020bb  putsUart0                     
000020e7  getcUart0                     
000020fb  kbhitUart0                    
0000225d  ldexp                         
0000225d  ldexpl                        
0000225d  scalbn                        
0000225d  scalbnl                       
0000236d  __aeabi_dmul                  
0000251b  __aeabi_memcpy                
0000251b  __aeabi_memcpy4               
0000251b  __aeabi_memcpy8               
0000251b  memcpy                        
000025b7  __aeabi_uldivmod              
0000264d  __aeabi_cdcmpeq               
0000264d  __aeabi_cdcmple               
000026d3  __aeabi_cdrcmple              
00002759  __aeabi_memclr                
00002759  __aeabi_memclr4               
00002759  __aeabi_memclr8               
0000275b  __aeabi_memset                
0000275b  __aeabi_memset4               
0000275b  __aeabi_memset8               
00002761  memset                        
00002841  __TI_decompress_lzss          
000028a9  frexp                         
000028a9  frexpl                        
00002963  __TI_ltoa                     
00002a09  atoi                          
00002a55  __aeabi_d2iz                  
00002a9d  __TI_auto_init_nobinit_nopinit
00002ae1  sprintf                       
00002b61  _c_int00_noargs               
00002b95  __aeabi_i2d                   
00002bc3  waitMicrosecond               
00002be3  memccpy                       
00002bff  copysign                      
00002bff  copysignl                     
00002c31  strchr                        
00002c47  strlen                        
00002c5b  wcslen                        
00002c6d  initSystemClockTo40Mhz        
00002c7d  __TI_decompress_none          
00002c8b  ResetISR                      
00002ca1  __aeabi_errno_addr            
00002ca9  _system_pre_init              
00002cad  C$$EXIT                       
00002cad  abort                         
00002cb0  _ctypes_                      
00002db8  __TI_Handler_Table_Base       
00002dc0  __TI_Handler_Table_Limit      
00002dc8  __TI_CINIT_Base               
00002dd0  __TI_CINIT_Limit              
20000000  __stack                       
20000000  __start___llvm_prf_cnts       
20000000  __stop___llvm_prf_cnts        
20000200  __STACK_TOP                   
20001000  __STACK_END                   
20001000  frequency                     
20001004  errno                         
ffffffff  __TI_pprof_out_hndl           
ffffffff  __TI_prof_data_size           
ffffffff  __TI_prof_data_start          
ffffffff  __binit__                     
ffffffff  __c_args__                    
ffffffff  binit                         
UNDEFED   __mpu_init                    
UNDEFED   _system_post_cinit            

[111 symbols]
